// Jest Snapshot v1, https://goo.gl/fbAQLP

exports[`YoutubeVideo renders YoutubeVideo component 1`] = `
Object {
  "asFragment": [Function],
  "baseElement": <body>
    <div>
      <div
        class="youtubeVideo"
      >
        <div
          class="youtubeVideo__wrapIframe"
        >
          <iframe
            allow="accelerometer; autoplay; clipboard-write; encrypted-media; gyroscope; picture-in-picture; web-share"
            allowfullscreen=""
            class="youtubeVideo__iframe"
            data-testid="map-iframe"
            frameborder="0"
            src="https://www.youtube.com/embed/yz9zqm-TAIg"
            title="YouTube video player"
          />
        </div>
        <h2
          class="titleMain"
        >
          Допомога нашим братам та сестрам
        </h2>
        <p
          class="youtubeVideo__desc"
        >
          Для того щоб записатись на отримання допомоги, та не вистоювати у чергах, потрібно заповнити реєстраційну форму. Вона автоматично реєструє заявку, та надсилає вам на пошту підтвердження реєстрації. Для того щоб записатись на отримання допомоги, та не вистоювати у чергах, потрібно заповнити реєстраційну форму. Вона автоматично реєструє заявку, та надсилає вам на пошту підтвердження реєстрації.
        </p>
        <p
          class="youtubeVideo__desc"
        >
          За допомогою онлайн -генератора тексту ви можете обробляти свій особистий Lorem Ipsum , збагачуючи його html -елементами, які визначають його структуру, з можливістю вставляти зовнішні посилання, але не тільки. Фактично, вставляючи будь -який фантастичний текст або відомий текст, це вірш, промова, літературний уривок, текст пісні тощо, наш текстовий генератор забезпечить випадкове виділення термінів і кроків для створення власного ексклюзивного Lorem Ipsum. Фактично. Нашою першочерговою метою є вирішення нагальних проблем ЗСУ. За допомогою онлайн -генератора тексту ви можете обробляти свій особистий Lorem Ipsum , збагачуючи його html -елементами, які визначають його структуру, з можливістю вставляти зовнішні посилання, але не тільки...
        </p>
      </div>
    </div>
  </body>,
  "container": <div>
    <div
      class="youtubeVideo"
    >
      <div
        class="youtubeVideo__wrapIframe"
      >
        <iframe
          allow="accelerometer; autoplay; clipboard-write; encrypted-media; gyroscope; picture-in-picture; web-share"
          allowfullscreen=""
          class="youtubeVideo__iframe"
          data-testid="map-iframe"
          frameborder="0"
          src="https://www.youtube.com/embed/yz9zqm-TAIg"
          title="YouTube video player"
        />
      </div>
      <h2
        class="titleMain"
      >
        Допомога нашим братам та сестрам
      </h2>
      <p
        class="youtubeVideo__desc"
      >
        Для того щоб записатись на отримання допомоги, та не вистоювати у чергах, потрібно заповнити реєстраційну форму. Вона автоматично реєструє заявку, та надсилає вам на пошту підтвердження реєстрації. Для того щоб записатись на отримання допомоги, та не вистоювати у чергах, потрібно заповнити реєстраційну форму. Вона автоматично реєструє заявку, та надсилає вам на пошту підтвердження реєстрації.
      </p>
      <p
        class="youtubeVideo__desc"
      >
        За допомогою онлайн -генератора тексту ви можете обробляти свій особистий Lorem Ipsum , збагачуючи його html -елементами, які визначають його структуру, з можливістю вставляти зовнішні посилання, але не тільки. Фактично, вставляючи будь -який фантастичний текст або відомий текст, це вірш, промова, літературний уривок, текст пісні тощо, наш текстовий генератор забезпечить випадкове виділення термінів і кроків для створення власного ексклюзивного Lorem Ipsum. Фактично. Нашою першочерговою метою є вирішення нагальних проблем ЗСУ. За допомогою онлайн -генератора тексту ви можете обробляти свій особистий Lorem Ipsum , збагачуючи його html -елементами, які визначають його структуру, з можливістю вставляти зовнішні посилання, але не тільки...
      </p>
    </div>
  </div>,
  "debug": [Function],
  "findAllByAltText": [Function],
  "findAllByDisplayValue": [Function],
  "findAllByLabelText": [Function],
  "findAllByPlaceholderText": [Function],
  "findAllByRole": [Function],
  "findAllByTestId": [Function],
  "findAllByText": [Function],
  "findAllByTitle": [Function],
  "findByAltText": [Function],
  "findByDisplayValue": [Function],
  "findByLabelText": [Function],
  "findByPlaceholderText": [Function],
  "findByRole": [Function],
  "findByTestId": [Function],
  "findByText": [Function],
  "findByTitle": [Function],
  "getAllByAltText": [Function],
  "getAllByDisplayValue": [Function],
  "getAllByLabelText": [Function],
  "getAllByPlaceholderText": [Function],
  "getAllByRole": [Function],
  "getAllByTestId": [Function],
  "getAllByText": [Function],
  "getAllByTitle": [Function],
  "getByAltText": [Function],
  "getByDisplayValue": [Function],
  "getByLabelText": [Function],
  "getByPlaceholderText": [Function],
  "getByRole": [Function],
  "getByTestId": [Function],
  "getByText": [Function],
  "getByTitle": [Function],
  "queryAllByAltText": [Function],
  "queryAllByDisplayValue": [Function],
  "queryAllByLabelText": [Function],
  "queryAllByPlaceholderText": [Function],
  "queryAllByRole": [Function],
  "queryAllByTestId": [Function],
  "queryAllByText": [Function],
  "queryAllByTitle": [Function],
  "queryByAltText": [Function],
  "queryByDisplayValue": [Function],
  "queryByLabelText": [Function],
  "queryByPlaceholderText": [Function],
  "queryByRole": [Function],
  "queryByTestId": [Function],
  "queryByText": [Function],
  "queryByTitle": [Function],
  "rerender": [Function],
  "unmount": [Function],
}
`;
